// Jest Snapshot v1, https://goo.gl/fbAQLP

exports[`<CardFooter /> renders correctly 1`] = `
ShallowWrapper {
  Symbol(enzyme.__root__): [Circular],
  Symbol(enzyme.__unrendered__): <Card
    name={true}
    path={true}
    thumbnail={true}
  />,
  Symbol(enzyme.__renderer__): Object {
    "batchedUpdates": [Function],
    "getNode": [Function],
    "render": [Function],
    "simulateError": [Function],
    "simulateEvent": [Function],
    "unmount": [Function],
  },
  Symbol(enzyme.__node__): Object {
    "instance": null,
    "key": undefined,
    "nodeType": "host",
    "props": Object {
      "children": <div
        className="card m-2"
      >
        <div
          className="card-body"
        >
          <ForwardRef>
            true
          </ForwardRef>
        </div>
        <UNDEFINED
          fallback={<Loading />}
        >
          <UNDEFINED
            path="undefined/standard_fantastic.undefined"
          />
        </UNDEFINED>
        <Connect(CardFooter)
          name={true}
          path={true}
          thumbnail={true}
        />
      </div>,
      "className": "col-md-3 col-sm-4 col-xs-12",
    },
    "ref": null,
    "rendered": Object {
      "instance": null,
      "key": undefined,
      "nodeType": "host",
      "props": Object {
        "children": Array [
          <div
            className="card-body"
          >
            <ForwardRef>
              true
            </ForwardRef>
          </div>,
          <UNDEFINED
            fallback={<Loading />}
          >
            <UNDEFINED
              path="undefined/standard_fantastic.undefined"
            />
          </UNDEFINED>,
          <Connect(CardFooter)
            name={true}
            path={true}
            thumbnail={true}
          />,
        ],
        "className": "card m-2",
      },
      "ref": null,
      "rendered": Array [
        Object {
          "instance": null,
          "key": undefined,
          "nodeType": "host",
          "props": Object {
            "children": <ForwardRef>
              true
            </ForwardRef>,
            "className": "card-body",
          },
          "ref": null,
          "rendered": Object {
            "instance": null,
            "key": undefined,
            "nodeType": "function",
            "props": Object {
              "children": "true",
            },
            "ref": null,
            "rendered": "true",
            "type": Object {
              "$$typeof": Symbol(react.forward_ref),
              "attrs": undefined,
              "componentStyle": ComponentStyle {
                "componentId": "sc-htpNat",
                "isStatic": true,
                "rules": Array [
                  "
  color: gray;
  margin: 0;
  font-size: 0.85rem;
  white-space: nowrap;
  overflow: hidden;
  text-overflow: ellipsis;

  &:hover {
    white-space: wrap;
    overflow: visible;
    cursor: pointer;
  }
",
                ],
              },
              "displayName": "styled.p",
              "render": [Function],
              "styledComponentId": "sc-htpNat",
              "target": "p",
              "toString": [Function],
              "warnTooManyClasses": [Function],
              "withComponent": [Function],
            },
          },
          "type": "div",
        },
        Object {
          "instance": null,
          "key": undefined,
          "nodeType": "function",
          "props": Object {
            "children": <UNDEFINED
              path="undefined/standard_fantastic.undefined"
            />,
            "fallback": <Loading />,
          },
          "ref": null,
          "rendered": Object {
            "instance": null,
            "key": undefined,
            "nodeType": "function",
            "props": Object {
              "path": "undefined/standard_fantastic.undefined",
            },
            "ref": null,
            "rendered": null,
            "type": Object {
              "$$typeof": Symbol(react.lazy),
              "_ctor": [Function],
              "_result": null,
              "_status": -1,
            },
          },
          "type": Symbol(react.suspense),
        },
        Object {
          "instance": null,
          "key": undefined,
          "nodeType": "class",
          "props": Object {
            "filteredArray": undefined,
            "modifyFilteredArray": undefined,
            "name": true,
            "path": true,
            "thumbnail": true,
          },
          "ref": null,
          "rendered": null,
          "type": [Function],
        },
      ],
      "type": "div",
    },
    "type": "div",
  },
  Symbol(enzyme.__nodes__): Array [
    Object {
      "instance": null,
      "key": undefined,
      "nodeType": "host",
      "props": Object {
        "children": <div
          className="card m-2"
        >
          <div
            className="card-body"
          >
            <ForwardRef>
              true
            </ForwardRef>
          </div>
          <UNDEFINED
            fallback={<Loading />}
          >
            <UNDEFINED
              path="undefined/standard_fantastic.undefined"
            />
          </UNDEFINED>
          <Connect(CardFooter)
            name={true}
            path={true}
            thumbnail={true}
          />
        </div>,
        "className": "col-md-3 col-sm-4 col-xs-12",
      },
      "ref": null,
      "rendered": Object {
        "instance": null,
        "key": undefined,
        "nodeType": "host",
        "props": Object {
          "children": Array [
            <div
              className="card-body"
            >
              <ForwardRef>
                true
              </ForwardRef>
            </div>,
            <UNDEFINED
              fallback={<Loading />}
            >
              <UNDEFINED
                path="undefined/standard_fantastic.undefined"
              />
            </UNDEFINED>,
            <Connect(CardFooter)
              name={true}
              path={true}
              thumbnail={true}
            />,
          ],
          "className": "card m-2",
        },
        "ref": null,
        "rendered": Array [
          Object {
            "instance": null,
            "key": undefined,
            "nodeType": "host",
            "props": Object {
              "children": <ForwardRef>
                true
              </ForwardRef>,
              "className": "card-body",
            },
            "ref": null,
            "rendered": Object {
              "instance": null,
              "key": undefined,
              "nodeType": "function",
              "props": Object {
                "children": "true",
              },
              "ref": null,
              "rendered": "true",
              "type": Object {
                "$$typeof": Symbol(react.forward_ref),
                "attrs": undefined,
                "componentStyle": ComponentStyle {
                  "componentId": "sc-htpNat",
                  "isStatic": true,
                  "rules": Array [
                    "
  color: gray;
  margin: 0;
  font-size: 0.85rem;
  white-space: nowrap;
  overflow: hidden;
  text-overflow: ellipsis;

  &:hover {
    white-space: wrap;
    overflow: visible;
    cursor: pointer;
  }
",
                  ],
                },
                "displayName": "styled.p",
                "render": [Function],
                "styledComponentId": "sc-htpNat",
                "target": "p",
                "toString": [Function],
                "warnTooManyClasses": [Function],
                "withComponent": [Function],
              },
            },
            "type": "div",
          },
          Object {
            "instance": null,
            "key": undefined,
            "nodeType": "function",
            "props": Object {
              "children": <UNDEFINED
                path="undefined/standard_fantastic.undefined"
              />,
              "fallback": <Loading />,
            },
            "ref": null,
            "rendered": Object {
              "instance": null,
              "key": undefined,
              "nodeType": "function",
              "props": Object {
                "path": "undefined/standard_fantastic.undefined",
              },
              "ref": null,
              "rendered": null,
              "type": Object {
                "$$typeof": Symbol(react.lazy),
                "_ctor": [Function],
                "_result": null,
                "_status": -1,
              },
            },
            "type": Symbol(react.suspense),
          },
          Object {
            "instance": null,
            "key": undefined,
            "nodeType": "class",
            "props": Object {
              "filteredArray": undefined,
              "modifyFilteredArray": undefined,
              "name": true,
              "path": true,
              "thumbnail": true,
            },
            "ref": null,
            "rendered": null,
            "type": [Function],
          },
        ],
        "type": "div",
      },
      "type": "div",
    },
  ],
  Symbol(enzyme.__options__): Object {
    "adapter": ReactSixteenAdapter {
      "options": Object {
        "enableComponentDidUpdateOnSetState": true,
        "lifecycles": Object {
          "componentDidUpdate": Object {
            "onSetState": true,
          },
          "getDerivedStateFromProps": true,
          "getSnapshotBeforeUpdate": true,
          "setState": Object {
            "skipsComponentDidUpdateOnNullish": true,
          },
        },
      },
    },
  },
}
`;
